// Jest Snapshot v1, https://goo.gl/fbAQLP

exports[`Testing al cliente Es Omar Jesus 1`] = `"Omar Jesus"`;
